=== ETF波段交易雷达 日志 ===
=== 启动: 2026-07-17 11:14:17 ===

[2026-07-17 11:14:17] [INFO] 📦 智能模式: 优先本地缓存

[2026-07-17 11:14:17] [INFO] 🚀 [ETF波段雷达 V4] 启动! 26个标的

[2026-07-17 11:14:17] [INFO] 📐 指标: MACD(12/26/9) BOLL(20/2.0+%B) RSI(14) ATR(14) VOL MA(20)

[2026-07-17 11:14:17] [INFO] 🆕 V4: 趋势效率·顺势形态·beta调整相对强度·结构止损·校准门控


[2026-07-17 11:14:17] [INFO] 🔄 初始化名称映射...

[2026-07-17 11:14:18] [INFO] 🌐 评估大盘环境...

[2026-07-17 11:14:18] [INFO] 🌐 大盘风控 (沪深300ETF - 510300)...

[2026-07-17 11:14:19] [INFO] 510300 本地最近文件加载成功

[2026-07-17 11:14:19] [INFO] ┌────────────────────────────────────────────

[2026-07-17 11:14:19] [INFO] │ 🌐 沪深300ETF (510300)

[2026-07-17 11:14:19] [INFO] ├────────────────────────────────────────────

[2026-07-17 11:14:19] [INFO] │ 【趋势】  -2.0 │ 短期偏空

[2026-07-17 11:14:19] [INFO] │ 【动能】  -1.5 │ 绿柱

[2026-07-17 11:14:19] [INFO] │ 【量价】  -1.0 │ 放量下跌

[2026-07-17 11:14:19] [INFO] │ 【波动】  -2.0 │ 极端波动

[2026-07-17 11:14:19] [INFO] ├────────────────────────────────────────────

[2026-07-17 11:14:19] [INFO] │ 综合: -4.6 | 强空头 | ➡️ +0.0

[2026-07-17 11:14:19] [INFO] │ 🚨 安全:否 | ATR:1.4x | 风险:高

[2026-07-17 11:14:19] [INFO] └────────────────────────────────────────────


[2026-07-17 11:14:19] [INFO] 📈 基准收益: -1.50%

[2026-07-17 11:14:19] [INFO] 🛡️ ATR止损参考: 1.4x | 风险等级: 高


[2026-07-17 11:14:19] [INFO] ⏳ 并发拉取K线...

[2026-07-17 11:14:19] [INFO] 159326 本地最近文件加载成功

[2026-07-17 11:14:20] [INFO] 588170 本地最近文件加载成功

[2026-07-17 11:14:20] [INFO] 159206 本地最近文件加载成功

[2026-07-17 11:14:21] [INFO] 159869 本地最近文件加载成功

[2026-07-17 11:14:21] [INFO] 562950 本地最近文件加载成功

[2026-07-17 11:14:21] [INFO] 516150 本地最近文件加载成功

[2026-07-17 11:14:21] [INFO] 进度: 5/26

[2026-07-17 11:14:21] [INFO] 562500 本地最近文件加载成功

[2026-07-17 11:14:21] [INFO] 513090 本地最近文件加载成功

[2026-07-17 11:14:21] [INFO] 515220 本地最近文件加载成功

[2026-07-17 11:14:21] [INFO] 515880 本地最近文件加载成功

[2026-07-17 11:14:21] [INFO] 进度: 10/26

[2026-07-17 11:14:21] [INFO] 515790 本地最近文件加载成功

[2026-07-17 11:14:21] [INFO] 159566 本地最近文件加载成功

[2026-07-17 11:14:22] [INFO] 512660 本地最近文件加载成功

[2026-07-17 11:14:22] [INFO] 159611 本地最近文件加载成功

[2026-07-17 11:14:23] [INFO] 560280 本地最近文件加载成功

[2026-07-17 11:14:23] [INFO] 进度: 15/26

[2026-07-17 11:14:23] [INFO] 515210 本地最近文件加载成功

[2026-07-17 11:14:23] [INFO] 512690 本地最近文件加载成功

[2026-07-17 11:14:23] [INFO] 159851 本地最近文件加载成功

[2026-07-17 11:14:23] [INFO] 512800 本地最近文件加载成功

[2026-07-17 11:14:23] [INFO] 159259 本地最近文件加载成功

[2026-07-17 11:14:23] [INFO] 159930 本地最近文件加载成功

[2026-07-17 11:14:23] [INFO] 513120 本地最近文件加载成功

[2026-07-17 11:14:23] [INFO] 进度: 20/26

[2026-07-17 11:14:23] [INFO] 159667 本地最近文件加载成功

[2026-07-17 11:14:24] [INFO] 513050 本地最近文件加载成功

[2026-07-17 11:14:24] [INFO] 159996 本地最近文件加载成功

[2026-07-17 11:14:24] [INFO] 进度: 25/26

[2026-07-17 11:14:24] [INFO] 518880 本地最近文件加载成功

[2026-07-17 11:14:24] [INFO] 进度: 26/26

[2026-07-17 11:14:24] [INFO] ✅ 获取 26/26


[2026-07-17 11:14:24] [INFO] 🧮 计算 V4 20/60/120日 beta 调整 RPS...

[2026-07-17 11:14:25] [INFO] 📌 RPS有效样本:26 | RPS>=85约等于池内前1名，采用20/60/120日跟踪误差标准化后的固定池分位

[2026-07-17 11:14:25] [INFO] 🧠 多周期评分...


[2026-07-17 11:14:25] [INFO] ▶️ 华夏中证电网设备主题ETF (159326)

[2026-07-17 11:14:25] [INFO]    [月线] Score=  1.5 | Price=2.088 | MA5/10=1.980/1.728 | Hist=0.089

[2026-07-17 11:14:25] [INFO]    [周线] Score= -0.5 | Price=1.794 | MA5/20=1.995/1.982 | Hist=-0.036 | Slope=1.38%

[2026-07-17 11:14:25] [INFO]    [日线] Score= -1.8 | Price=1.634 | BOLL=1.563~2.346 | %B=0.09 | Hist=-0.036 | Vol=0.66x

[2026-07-17 11:14:25] [INFO]    └── 📊 风险RPS: 25.6 | 原始: -0.6 | 展示: -0.6 | 止损距:5.5% → 多空震荡 | 优先级:30.1(C) → [🚨 大盘防守]


[2026-07-17 11:14:25] [INFO] ▶️ 华夏上证科创板半导体材料设备主题ETF (588170)

[2026-07-17 11:14:25] [INFO]    [月线] Score=  2.7 | Price=1.377 | MA5/10=0.800/0.654 | Hist=0.076

[2026-07-17 11:14:25] [INFO]    [周线] Score=  4.6 | Price=1.292 | MA5/20=1.124/0.765 | Hist=0.059 | Slope=14.31%

[2026-07-17 11:14:25] [INFO]    [日线] Score= -1.9 | Price=1.041 | BOLL=0.988~1.430 | %B=0.12 | Hist=-0.035 | Vol=1.42x

[2026-07-17 11:14:25] [INFO]    └── 📊 风险RPS: 91.3 | 原始:  8.3 | 展示:  8.3 | 止损距:10.6% → 波段多头 | 优先级:48.6(B) → [🚨 大盘防守, ⚠️ 周强日弱]


[2026-07-17 11:14:25] [INFO] ▶️ 卫星ETF永赢 (159206)

[2026-07-17 11:14:25] [INFO]    [月线] Score=  2.0 | Price=1.755 | MA5/10=1.749/1.590 | Hist=0.054

[2026-07-17 11:14:25] [INFO]    [周线] Score=  0.0 | Price=1.795 | MA5/20=1.716/1.743 | Hist=-0.021 | Slope=-0.75%

[2026-07-17 11:14:25] [INFO]    [日线] Score=  1.8 | Price=1.419 | BOLL=1.456~1.854 | %B=-0.09 | Hist=-0.027 | Vol=0.63x

[2026-07-17 11:14:25] [INFO]    └── 📊 风险RPS: 37.3 | 原始:  4.2 | 展示:  4.2 | 止损距:8.1% → 偏多企稳 | 优先级:36.5(C) → [🚨 大盘防守, ⚠️ 月强周弱]


[2026-07-17 11:14:25] [INFO] ▶️ 华夏中证动漫游戏ETF (159869)

[2026-07-17 11:14:25] [INFO]    [月线] Score= -4.1 | Price=1.098 | MA5/10=1.262/1.378 | Hist=-0.036

[2026-07-17 11:14:25] [INFO]    [周线] Score= -6.0 | Price=1.129 | MA5/20=1.080/1.246 | Hist=-0.018 | Slope=-5.54%

[2026-07-17 11:14:25] [INFO]    [日线] Score=  0.9 | Price=1.120 | BOLL=1.044~1.139 | %B=0.80 | Hist=0.006 | Vol=1.11x

[2026-07-17 11:14:25] [INFO]    └── 📊 风险RPS: 59.4 | 原始:-15.0 | 展示:-15.0 | 止损距:8.8% → 极弱波段空头 | 优先级:37.3(C) → [🚨 大盘防守, ⚠️ 周弱日强, ❄️ 主跌崩盘]


[2026-07-17 11:14:25] [INFO] ▶️ 易方达中证消费电子主题ETF (562950)

[2026-07-17 11:14:25] [INFO]    [月线] Score=  4.5 | Price=2.154 | MA5/10=1.571/1.422 | Hist=0.090

[2026-07-17 11:14:25] [INFO]    [周线] Score=  4.6 | Price=1.910 | MA5/20=1.913/1.544 | Hist=0.041 | Slope=7.16%

[2026-07-17 11:14:25] [INFO]    [日线] Score= -3.7 | Price=1.728 | BOLL=1.730~2.181 | %B=-0.00 | Hist=-0.038 | Vol=0.72x

[2026-07-17 11:14:25] [INFO]    └── 📊 风险RPS: 80.6 | 原始:  8.7 | 展示:  8.7 | 止损距:7.8% → 波段多头 | 优先级:46.7(C) → [🚨 大盘防守, ⚠️ 周强日破]


[2026-07-17 11:14:25] [INFO] ▶️ 嘉实中证稀土产业ETF (516150)

[2026-07-17 11:14:25] [INFO]    [月线] Score=  1.5 | Price=2.050 | MA5/10=2.032/1.931 | Hist=0.042

[2026-07-17 11:14:25] [INFO]    [周线] Score= -0.5 | Price=1.837 | MA5/20=2.005/2.002 | Hist=-0.022 | Slope=-0.35%

[2026-07-17 11:14:25] [INFO]    [日线] Score= -1.9 | Price=1.674 | BOLL=1.641~2.276 | %B=0.05 | Hist=-0.037 | Vol=0.55x

[2026-07-17 11:14:25] [INFO]    └── 📊 风险RPS: 27.7 | 原始: -0.7 | 展示: -0.7 | 止损距:5.7% → 多空震荡 | 优先级:30.7(C) → [🚨 大盘防守]


[2026-07-17 11:14:25] [INFO] ▶️ 华夏中证机器人ETF (562500)

[2026-07-17 11:14:25] [INFO]    [月线] Score=  4.3 | Price=1.150 | MA5/10=1.061/1.046 | Hist=0.015

[2026-07-17 11:14:25] [INFO]    [周线] Score=  2.4 | Price=1.108 | MA5/20=1.133/1.068 | Hist=0.004 | Slope=0.99%

[2026-07-17 11:14:25] [INFO]    [日线] Score=  2.5 | Price=1.029 | BOLL=1.022~1.211 | %B=0.04 | Hist=-0.012 | Vol=0.69x

[2026-07-17 11:14:25] [INFO]    └── 📊 风险RPS: 59.6 | 原始: 13.4 | 展示: 13.4 | 止损距:5.5% → 波段多头 | 优先级:67.2(A) → [🚨 大盘防守, 📈 三周期共振, 🚀 主升浪]


[2026-07-17 11:14:25] [INFO] ▶️ 易方达中证香港证券投资主题(港股通)ETF (513090)

[2026-07-17 11:14:25] [INFO]    [月线] Score= -3.3 | Price=1.779 | MA5/10=1.812/1.977 | Hist=-0.052

[2026-07-17 11:14:25] [INFO]    [周线] Score=  0.5 | Price=1.822 | MA5/20=1.791/1.808 | Hist=0.009 | Slope=-2.10%

[2026-07-17 11:14:25] [INFO]    [日线] Score=  0.6 | Price=1.854 | BOLL=1.748~1.886 | %B=0.77 | Hist=0.003 | Vol=0.66x

[2026-07-17 11:14:25] [INFO]    └── 📊 风险RPS: 75.0 | 原始: -2.9 | 展示: -2.9 | 止损距:5.8% → 偏空走弱 | 优先级:42.5(C) → [🚨 大盘防守]


[2026-07-17 11:14:26] [INFO] ▶️ 国泰中证煤炭ETF (515220)

[2026-07-17 11:14:26] [INFO]    [月线] Score=  0.2 | Price=1.067 | MA5/10=1.218/1.150 | Hist=0.013

[2026-07-17 11:14:26] [INFO]    [周线] Score= -0.5 | Price=1.119 | MA5/20=1.158/1.229 | Hist=-0.024 | Slope=-0.35%

[2026-07-17 11:14:26] [INFO]    [日线] Score=  1.6 | Price=1.159 | BOLL=1.063~1.197 | %B=0.72 | Hist=0.011 | Vol=0.76x

[2026-07-17 11:14:26] [INFO]    └── 📊 风险RPS: 68.8 | 原始:  1.1 | 展示:  1.1 | 止损距:7.0% → 多空震荡 | 优先级:41.0(C) → [🚨 大盘防守]


[2026-07-17 11:14:26] [INFO] ▶️ 国泰中证全指通信设备ETF (515880)

[2026-07-17 11:14:26] [INFO]    [月线] Score=  4.5 | Price=0.898 | MA5/10=0.687/0.584 | Hist=0.049

[2026-07-17 11:14:26] [INFO]    [周线] Score=  4.6 | Price=0.779 | MA5/20=0.830/0.693 | Hist=0.004 | Slope=6.71%

[2026-07-17 11:14:26] [INFO]    [日线] Score= -1.5 | Price=0.732 | BOLL=0.684~0.969 | %B=0.17 | Hist=-0.013 | Vol=1.38x

[2026-07-17 11:14:26] [INFO]    └── 📊 风险RPS: 58.5 | 原始: 10.5 | 展示: 10.5 | 止损距:7.6% → 波段多头 | 优先级:54.9(B) → [🚨 大盘防守, ⚠️ 周强日弱]


[2026-07-17 11:14:26] [INFO] ▶️ 华泰柏瑞中证光伏产业ETF (515790)

[2026-07-17 11:14:26] [INFO]    [月线] Score=  1.1 | Price=1.042 | MA5/10=1.070/1.029 | Hist=0.039

[2026-07-17 11:14:26] [INFO]    [周线] Score= -6.0 | Price=0.897 | MA5/20=0.974/1.059 | Hist=-0.025 | Slope=-1.88%

[2026-07-17 11:14:26] [INFO]    [日线] Score= -1.8 | Price=0.826 | BOLL=0.810~1.093 | %B=0.06 | Hist=-0.012 | Vol=1.19x

[2026-07-17 11:14:26] [INFO]    └── 📊 风险RPS: 11.5 | 原始:-10.0 | 展示:-10.0 | 止损距:4.7% → 波段空头 | 优先级:26.6(C) → [🚨 大盘防守]


[2026-07-17 11:14:26] [INFO] ▶️ 易方达国证新能源电池ETF (159566)

[2026-07-17 11:14:26] [INFO]    [月线] Score=  1.5 | Price=2.269 | MA5/10=2.256/2.190 | Hist=0.045

[2026-07-17 11:14:26] [INFO]    [周线] Score= -0.5 | Price=1.980 | MA5/20=2.140/2.250 | Hist=-0.047 | Slope=-0.25%

[2026-07-17 11:14:26] [INFO]    [日线] Score= -1.1 | Price=1.861 | BOLL=1.815~2.416 | %B=0.08 | Hist=-0.024 | Vol=0.77x

[2026-07-17 11:14:26] [INFO]    └── 📊 风险RPS: 18.5 | 原始:  0.1 | 展示:  0.1 | 止损距:5.2% → 多空震荡 | 优先级:28.4(C) → [🚨 大盘防守]


[2026-07-17 11:14:26] [INFO] ▶️ 国泰中证军工ETF (512660)

[2026-07-17 11:14:26] [INFO]    [月线] Score=  1.7 | Price=1.280 | MA5/10=1.363/1.325 | Hist=0.008

[2026-07-17 11:14:26] [INFO]    [周线] Score= -6.0 | Price=1.281 | MA5/20=1.272/1.352 | Hist=-0.017 | Slope=-1.98%

[2026-07-17 11:14:26] [INFO]    [日线] Score= -4.5 | Price=1.120 | BOLL=1.138~1.347 | %B=-0.09 | Hist=-0.012 | Vol=0.94x

[2026-07-17 11:14:26] [INFO]    └── 📊 风险RPS: 19.2 | 原始:-12.3 | 展示:-12.3 | 止损距:5.0% → 波段空头 | 优先级:18.6(C) → [🚨 大盘防守, ⚠️ 月强周弱, ❄️ 主跌崩盘]


[2026-07-17 11:14:26] [INFO] ▶️ 广发中证全指电力ETF (159611)

[2026-07-17 11:14:26] [INFO]    [月线] Score=  1.4 | Price=1.032 | MA5/10=1.115/1.071 | Hist=0.009

[2026-07-17 11:14:26] [INFO]    [周线] Score= -0.5 | Price=1.022 | MA5/20=1.065/1.119 | Hist=-0.017 | Slope=0.06%

[2026-07-17 11:14:26] [INFO]    [日线] Score= -0.3 | Price=1.011 | BOLL=0.984~1.091 | %B=0.25 | Hist=0.002 | Vol=0.80x

[2026-07-17 11:14:26] [INFO]    └── 📊 风险RPS: 42.3 | 原始:  0.7 | 展示:  0.7 | 止损距:2.8% → 多空震荡 | 优先级:31.2(C) → [🚨 大盘防守]


[2026-07-17 11:14:26] [INFO] ▶️ 广发中证工程机械ETF (560280)

[2026-07-17 11:14:26] [INFO]    [月线] Score=  1.2 | Price=1.519 | MA5/10=1.690/1.636 | Hist=0.005

[2026-07-17 11:14:26] [INFO]    [周线] Score= -6.0 | Price=1.543 | MA5/20=1.588/1.686 | Hist=-0.028 | Slope=-1.78%

[2026-07-17 11:14:26] [INFO]    [日线] Score= -0.7 | Price=1.510 | BOLL=1.460~1.657 | %B=0.25 | Hist=-0.000 | Vol=0.54x

[2026-07-17 11:14:26] [INFO]    └── 📊 风险RPS: 50.4 | 原始: -8.7 | 展示: -8.7 | 止损距:3.7% → 波段空头 | 优先级:36.3(C) → [🚨 大盘防守]


[2026-07-17 11:14:26] [INFO] ▶️ 国泰中证钢铁ETF (515210)

[2026-07-17 11:14:26] [INFO]    [月线] Score= -3.3 | Price=1.145 | MA5/10=1.394/1.417 | Hist=-0.015

[2026-07-17 11:14:26] [INFO]    [周线] Score= -6.0 | Price=1.127 | MA5/20=1.184/1.381 | Hist=-0.035 | Slope=-3.88%

[2026-07-17 11:14:26] [INFO]    [日线] Score= -0.7 | Price=1.134 | BOLL=1.090~1.229 | %B=0.31 | Hist=0.004 | Vol=1.17x

[2026-07-17 11:14:26] [INFO]    └── 📊 风险RPS: 25.2 | 原始:-14.6 | 展示:-14.6 | 止损距:4.1% → 极弱波段空头 | 优先级:30.0(C) → [🚨 大盘防守, ❄️ 主跌崩盘]


[2026-07-17 11:14:26] [INFO] ▶️ 酒ETF (512690)

[2026-07-17 11:14:26] [INFO]    [月线] Score= -5.0 | Price=0.393 | MA5/10=0.471/0.519 | Hist=-0.012

[2026-07-17 11:14:26] [INFO]    [周线] Score= -6.0 | Price=0.397 | MA5/20=0.403/0.463 | Hist=-0.006 | Slope=-4.62%

[2026-07-17 11:14:26] [INFO]    [日线] Score=  4.5 | Price=0.420 | BOLL=0.380~0.415 | %B=1.13 | Hist=0.005 | Vol=1.35x

[2026-07-17 11:14:26] [INFO]    └── 📊 风险RPS: 55.4 | 原始:-13.0 | 展示:-13.0 | 止损距:10.2% → 波段空头 | 优先级:33.9(C) → [🚨 大盘防守, ⚠️ 周弱日强, ❄️ 主跌崩盘]


[2026-07-17 11:14:26] [INFO] ▶️ 华宝中证金融科技主题ETF (159851)

[2026-07-17 11:14:26] [INFO]    [月线] Score= -3.3 | Price=0.623 | MA5/10=0.715/0.790 | Hist=-0.032

[2026-07-17 11:14:26] [INFO]    [周线] Score= -6.0 | Price=0.609 | MA5/20=0.625/0.707 | Hist=-0.009 | Slope=-4.44%

[2026-07-17 11:14:26] [INFO]    [日线] Score= -0.7 | Price=0.596 | BOLL=0.563~0.687 | %B=0.27 | Hist=-0.001 | Vol=0.65x

[2026-07-17 11:14:26] [INFO]    └── 📊 风险RPS: 33.9 | 原始:-14.6 | 展示:-14.6 | 止损距:5.8% → 极弱波段空头 | 优先级:32.2(C) → [🚨 大盘防守, ❄️ 主跌崩盘]


[2026-07-17 11:14:26] [INFO] ▶️ 华宝中证银行ETF (512800)

[2026-07-17 11:14:26] [INFO]    [月线] Score= -3.3 | Price=0.734 | MA5/10=0.776/0.790 | Hist=-0.014

[2026-07-17 11:14:26] [INFO]    [周线] Score=  1.6 | Price=0.767 | MA5/20=0.768/0.783 | Hist=-0.003 | Slope=-0.53%

[2026-07-17 11:14:26] [INFO]    [日线] Score=  1.4 | Price=0.782 | BOLL=0.731~0.793 | %B=0.82 | Hist=0.005 | Vol=0.70x

[2026-07-17 11:14:26] [INFO]    └── 📊 风险RPS: 70.4 | 原始: -0.3 | 展示: -0.3 | 止损距:6.2% → 多空震荡 | 优先级:41.3(C) → [🚨 大盘防守]


[2026-07-17 11:14:26] [INFO] ▶️ 易方达国证成长100ETF (159259)

[2026-07-17 11:14:26] [INFO]    [月线] Score=  2.7 | Price=1.776 | MA5/10=1.353/1.198 | Hist=0.067

[2026-07-17 11:14:26] [INFO]    [周线] Score=  4.6 | Price=1.586 | MA5/20=1.654/1.355 | Hist=0.029 | Slope=6.61%

[2026-07-17 11:14:26] [INFO]    [日线] Score= -1.9 | Price=1.496 | BOLL=1.453~1.877 | %B=0.10 | Hist=-0.029 | Vol=0.72x

[2026-07-17 11:14:26] [INFO]    └── 📊 风险RPS: 64.6 | 原始:  8.3 | 展示:  8.3 | 止损距:7.1% → 波段多头 | 优先级:51.9(B) → [🚨 大盘防守, ⚠️ 周强日弱]


[2026-07-17 11:14:27] [INFO] ▶️ 汇添富中证能源ETF (159930)

[2026-07-17 11:14:27] [INFO]    [月线] Score=  1.7 | Price=1.469 | MA5/10=1.679/1.567 | Hist=0.017

[2026-07-17 11:14:27] [INFO]    [周线] Score= -4.8 | Price=1.544 | MA5/20=1.575/1.699 | Hist=-0.036 | Slope=-0.70%

[2026-07-17 11:14:27] [INFO]    [日线] Score=  0.1 | Price=1.580 | BOLL=1.462~1.638 | %B=0.67 | Hist=0.014 | Vol=1.14x

[2026-07-17 11:14:27] [INFO]    └── 📊 风险RPS: 68.5 | 原始: -6.5 | 展示: -6.5 | 止损距:7.2% → 偏空走弱 | 优先级:40.9(C) → [🚨 大盘防守, ⚠️ 周弱日强, ⚠️ 月强周弱]


[2026-07-17 11:14:27] [INFO] ▶️ 广发中证香港创新药(QDII-ETF) (513120)

[2026-07-17 11:14:27] [INFO]    [月线] Score= -3.9 | Price=1.058 | MA5/10=1.170/1.258 | Hist=-0.026

[2026-07-17 11:14:27] [INFO]    [周线] Score=  0.5 | Price=1.185 | MA5/20=1.072/1.166 | Hist=-0.002 | Slope=-1.96%

[2026-07-17 11:14:27] [INFO]    [日线] Score=  0.4 | Price=1.203 | BOLL=0.950~1.260 | %B=0.82 | Hist=0.014 | Vol=1.27x

[2026-07-17 11:14:27] [INFO]    └── 📊 风险RPS: 77.1 | 原始: -3.9 | 展示: -3.9 | 止损距:9.3% → 偏空走弱 | 优先级:33.0(C) → [🚨 大盘防守]


[2026-07-17 11:14:27] [INFO] ▶️ 国泰中证机床ETF (159667)

[2026-07-17 11:14:27] [INFO]    [月线] Score=  4.5 | Price=0.914 | MA5/10=0.718/0.619 | Hist=0.041

[2026-07-17 11:14:27] [INFO]    [周线] Score=  5.6 | Price=0.805 | MA5/20=0.853/0.723 | Hist=0.009 | Slope=6.07%

[2026-07-17 11:14:27] [INFO]    [日线] Score= -3.7 | Price=0.716 | BOLL=0.719~0.976 | %B=-0.01 | Hist=-0.021 | Vol=0.73x

[2026-07-17 11:14:27] [INFO]    └── 📊 风险RPS: 53.1 | 原始: 10.2 | 展示: 10.2 | 止损距:7.1% → 波段多头 | 优先级:43.0(C) → [🚨 大盘防守, ⚠️ 周强日破]


[2026-07-17 11:14:27] [INFO] ▶️ 易方达中证海外中国互联网50(QDII-ETF) (513050)

[2026-07-17 11:14:27] [INFO]    [月线] Score= -5.0 | Price=0.979 | MA5/10=1.150/1.366 | Hist=-0.062

[2026-07-17 11:14:27] [INFO]    [周线] Score= -6.0 | Price=1.092 | MA5/20=1.031/1.164 | Hist=-0.007 | Slope=-5.14%

[2026-07-17 11:14:27] [INFO]    [日线] Score=  3.1 | Price=1.145 | BOLL=0.921~1.147 | %B=0.99 | Hist=0.019 | Vol=1.32x

[2026-07-17 11:14:27] [INFO]    └── 📊 风险RPS: 66.2 | 原始:-14.4 | 展示:-14.4 | 止损距:14.2% → 极弱波段空头 | 优先级:33.8(C) → [🚨 大盘防守, ⚠️ 周弱日强, ❄️ 主跌崩盘]


[2026-07-17 11:14:27] [INFO] ▶️ 国泰中证全指家用电器ETF (159996)

[2026-07-17 11:14:27] [INFO]    [月线] Score= -2.5 | Price=1.456 | MA5/10=1.491/1.517 | Hist=-0.010

[2026-07-17 11:14:27] [INFO]    [周线] Score= -6.0 | Price=1.441 | MA5/20=1.453/1.486 | Hist=-0.008 | Slope=-1.30%

[2026-07-17 11:14:27] [INFO]    [日线] Score= -0.6 | Price=1.430 | BOLL=1.408~1.482 | %B=0.29 | Hist=0.001 | Vol=1.05x

[2026-07-17 11:14:27] [INFO]    └── 📊 风险RPS: 64.2 | 原始:-13.5 | 展示:-13.5 | 止损距:2.2% → 波段空头 | 优先级:35.3(C) → [🚨 大盘防守, ❄️ 主跌崩盘]


[2026-07-17 11:14:27] [INFO] ▶️ 华安黄金ETF (518880)

[2026-07-17 11:14:27] [INFO]    [月线] Score= -0.3 | Price=8.378 | MA5/10=9.617/9.460 | Hist=-0.043

[2026-07-17 11:14:27] [INFO]    [周线] Score= -6.0 | Price=8.541 | MA5/20=8.634/9.602 | Hist=-0.201 | Slope=-3.19%

[2026-07-17 11:14:27] [INFO]    [日线] Score= -0.2 | Price=8.363 | BOLL=8.187~8.815 | %B=0.28 | Hist=0.018 | Vol=0.54x

[2026-07-17 11:14:27] [INFO]    └── 📊 风险RPS: 45.8 | 原始:-10.2 | 展示:-10.2 | 止损距:1.9% → 波段空头 | 优先级:29.9(C) → [🚨 大盘防守]


[2026-07-17 11:14:29] [INFO] 📊 V4 信号已输出: D:\Lam\GuPiao\ETF-main\public\etf_signals_latest.json

[2026-07-17 11:14:29] [INFO] 📋 无新信号变化

[2026-07-17 11:14:29] [INFO] ✅ 信号合约校验通过

[2026-07-17 11:14:29] [INFO] 📊 环境: D:\Lam\GuPiao\ETF-main\public\market_env_latest.json

[2026-07-17 11:14:29] [INFO] 📊 市场宽度: 多头7 空头13 中性6 | 多空比0.54 → 偏空

[2026-07-17 11:14:29] [INFO] 🎉 完成! 26个ETF


[2026-07-17 11:14:29] [INFO] 📊 === 雷达优先 TOP10 ===

[2026-07-17 11:14:29] [INFO]    1. 华夏中证机器人ETF       562500 | 优先 67.2(A) | 总分 +13.4 | RPS   60 | 波段多头 | →+0.0

[2026-07-17 11:14:29] [INFO]    2. 国泰中证全指通信设备ETF    515880 | 优先 54.9(B) | 总分 +10.5 | RPS   58 | 波段多头 | →+0.0

[2026-07-17 11:14:29] [INFO]    3. 易方达国证成长100ETF    159259 | 优先 51.9(B) | 总分  +8.3 | RPS   65 | 波段多头 | →+0.0

[2026-07-17 11:14:29] [INFO]    4. 华夏上证科创板半导体材料设备主题ETF 588170 | 优先 48.6(B) | 总分  +8.3 | RPS   91 | 波段多头 | →+0.0

[2026-07-17 11:14:29] [INFO]    5. 易方达中证消费电子主题ETF   562950 | 优先 46.7(C) | 总分  +8.7 | RPS   81 | 波段多头 | →+0.0

[2026-07-17 11:14:29] [INFO]    6. 国泰中证机床ETF        159667 | 优先 43.0(C) | 总分 +10.2 | RPS   53 | 波段多头 | →+0.0

[2026-07-17 11:14:29] [INFO]    7. 易方达中证香港证券投资主题(港股通)ETF 513090 | 优先 42.5(C) | 总分  -2.9 | RPS   75 | 偏空走弱 | →+0.0

[2026-07-17 11:14:29] [INFO]    8. 华宝中证银行ETF        512800 | 优先 41.3(C) | 总分  -0.3 | RPS   70 | 多空震荡 | →+0.0

[2026-07-17 11:14:29] [INFO]    9. 国泰中证煤炭ETF        515220 | 优先 41.0(C) | 总分  +1.1 | RPS   69 | 多空震荡 | →+0.0

[2026-07-17 11:14:29] [INFO]   10. 汇添富中证能源ETF       159930 | 优先 40.9(C) | 总分  -6.5 | RPS   68 | 偏空走弱 | →+0.0

[2026-07-17 11:14:29] [INFO] 
📊 === 空头 BOTTOM5 ===

[2026-07-17 11:14:29] [INFO]      华夏中证动漫游戏ETF      159869 | 总分 -15.0 | RPS   59 | 极弱波段空头 | →+0.0

[2026-07-17 11:14:29] [INFO]      国泰中证钢铁ETF        515210 | 总分 -14.6 | RPS   25 | 极弱波段空头 | →+0.0

[2026-07-17 11:14:29] [INFO]      华宝中证金融科技主题ETF    159851 | 总分 -14.6 | RPS   34 | 极弱波段空头 | →+0.0

[2026-07-17 11:14:29] [INFO]      易方达中证海外中国互联网50(QDII-ETF) 513050 | 总分 -14.4 | RPS   66 | 极弱波段空头 | →+0.0

[2026-07-17 11:14:29] [INFO]      国泰中证全指家用电器ETF    159996 | 总分 -13.5 | RPS   64 | 波段空头 | →+0.0

[2026-07-17 11:14:29] [INFO] 
⏱️ 耗时: 大盘1.4s | 数据4.9s | 评分3.8s | 输出1.0s | 总计11.1s

