=== ETF波段交易雷达 日志 ===
=== 启动: 2026-07-01 19:17:19 ===

[2026-07-01 19:17:19] [INFO] 🚀 强制下载模式

[2026-07-01 19:17:19] [INFO] 🚀 [ETF波段雷达 v3.3] 启动! 36个标的

[2026-07-01 19:17:19] [INFO] 📐 指标: MACD(12/26/9) BOLL(20/2.0+%B) RSI(14) ATR(14) VOL MA(20)

[2026-07-01 19:17:19] [INFO] 🆕 v3.3: 交易日历·背离间距·原子写入·合约校验·自适应RPS·雷达优先级


[2026-07-01 19:17:19] [INFO] 🔄 初始化名称映射...

[2026-07-01 19:17:21] [INFO] 🌐 评估大盘环境...

[2026-07-01 19:17:21] [INFO] 🌐 大盘风控 (沪深300ETF - 510300)...

[2026-07-01 19:17:21] [INFO] 510300 网络获取 (1/3)

[2026-07-01 19:17:39] [INFO] 510300 网络获取成功

[2026-07-01 19:17:39] [INFO] 🧭 大盘状态待确认: 强多头 → 偏多，需连续2次或强变化触发

[2026-07-01 19:17:39] [INFO] ┌────────────────────────────────────────────

[2026-07-01 19:17:39] [INFO] │ 🌐 沪深300ETF (510300)

[2026-07-01 19:17:39] [INFO] ├────────────────────────────────────────────

[2026-07-01 19:17:39] [INFO] │ 【趋势】  +4.0 │ 完美多头排列

[2026-07-01 19:17:39] [INFO] │ 【动能】  +1.0 │ 红柱

[2026-07-01 19:17:39] [INFO] │ 【量价】  +0.0 │ 平量盘整

[2026-07-01 19:17:39] [INFO] │ 【波动】  -1.0 │ 波动偏高

[2026-07-01 19:17:39] [INFO] ├────────────────────────────────────────────

[2026-07-01 19:17:39] [INFO] │ 综合: +4.4 | 强多头 | 📉 -1.6

[2026-07-01 19:17:39] [INFO] │ ✅ 安全:是 | ATR:2.3x | 风险:低

[2026-07-01 19:17:39] [INFO] └────────────────────────────────────────────


[2026-07-01 19:17:39] [INFO] 📈 基准收益: 5.74%

[2026-07-01 19:17:39] [INFO] 🛡️ ATR止损参考: 2.3x | 风险等级: 低


[2026-07-01 19:17:39] [INFO] ⏳ 并发拉取K线...

[2026-07-01 19:17:39] [INFO] 159326 网络获取 (1/3)

[2026-07-01 19:17:39] [INFO] 562800 网络获取 (1/3)

[2026-07-01 19:17:39] [INFO] 588170 网络获取 (1/3)

[2026-07-01 19:17:39] [INFO] 513090 网络获取 (1/3)

[2026-07-01 19:17:39] [INFO] 159206 网络获取 (1/3)

[2026-07-01 19:17:39] [INFO] 159870 网络获取 (1/3)

[2026-07-01 19:17:39] [INFO] 515880 网络获取 (1/3)

[2026-07-01 19:17:39] [INFO] 159852 网络获取 (1/3)

[2026-07-01 19:17:39] [INFO] 159869 网络获取 (1/3)

[2026-07-01 19:17:39] [INFO] 516150 网络获取 (1/3)

[2026-07-01 19:17:43] [INFO] 588170 网络获取成功

[2026-07-01 19:17:43] [INFO] 515220 网络获取 (1/3)

[2026-07-01 19:17:44] [INFO] 159206 网络获取成功

[2026-07-01 19:17:44] [INFO] 159201 网络获取 (1/3)

[2026-07-01 19:17:45] [INFO] 159326 网络获取成功

[2026-07-01 19:17:46] [INFO] 515790 网络获取 (1/3)

[2026-07-01 19:17:50] [INFO] 159201 网络获取成功

[2026-07-01 19:17:50] [INFO] 512660 网络获取 (1/3)

[2026-07-01 19:17:53] [INFO] 516150 网络获取成功

[2026-07-01 19:17:53] [INFO] 进度: 5/36

[2026-07-01 19:17:53] [INFO] 159566 网络获取 (1/3)

[2026-07-01 19:17:53] [INFO] 562800 网络获取成功

[2026-07-01 19:17:53] [INFO] 515210 网络获取 (1/3)

[2026-07-01 19:17:54] [INFO] 159852 网络获取成功

[2026-07-01 19:17:54] [INFO] 159611 网络获取 (1/3)

[2026-07-01 19:17:54] [INFO] 159870 网络获取成功

[2026-07-01 19:17:54] [INFO] 512690 网络获取 (1/3)

[2026-07-01 19:17:54] [INFO] 159869 网络获取成功

[2026-07-01 19:17:54] [INFO] 512800 网络获取 (1/3)

[2026-07-01 19:17:57] [INFO] 513090 网络获取成功

[2026-07-01 19:17:57] [INFO] 515880 网络获取成功

[2026-07-01 19:17:57] [INFO] 进度: 10/36

[2026-07-01 19:17:57] [INFO] 159851 网络获取 (1/3)

[2026-07-01 19:17:57] [INFO] 560710 网络获取 (1/3)

[2026-07-01 19:18:00] [INFO] 560710 网络获取成功

[2026-07-01 19:18:00] [INFO] 159766 网络获取 (1/3)

[2026-07-01 19:18:00] [INFO] 159566 网络获取成功

[2026-07-01 19:18:00] [INFO] 512200 网络获取 (1/3)

[2026-07-01 19:18:00] [INFO] 515220 网络获取成功

[2026-07-01 19:18:00] [INFO] 513120 网络获取 (1/3)

[2026-07-01 19:18:04] [INFO] 515790 网络获取成功

[2026-07-01 19:18:04] [INFO] 进度: 15/36

[2026-07-01 19:18:04] [INFO] 513050 网络获取 (1/3)

[2026-07-01 19:18:07] [INFO] 159611 网络获取成功

[2026-07-01 19:18:07] [INFO] 159667 网络获取 (1/3)

[2026-07-01 19:18:10] [INFO] 515210 网络获取成功

[2026-07-01 19:18:10] [INFO] 159825 网络获取 (1/3)

[2026-07-01 19:18:12] [INFO] 159851 网络获取成功

[2026-07-01 19:18:12] [INFO] 560280 网络获取 (1/3)

[2026-07-01 19:18:13] [INFO] 512690 网络获取成功

[2026-07-01 19:18:13] [INFO] 562500 网络获取 (1/3)

[2026-07-01 19:18:14] [INFO] 513120 网络获取成功

[2026-07-01 19:18:14] [INFO] 进度: 20/36

[2026-07-01 19:18:14] [INFO] 512980 网络获取 (1/3)

[2026-07-01 19:18:15] [INFO] 159766 网络获取成功

[2026-07-01 19:18:15] [INFO] 159930 网络获取 (1/3)

[2026-07-01 19:18:15] [INFO] 512660 网络获取成功

[2026-07-01 19:18:15] [INFO] 562950 网络获取 (1/3)

[2026-07-01 19:18:17] [INFO] 512800 网络获取成功

[2026-07-01 19:18:17] [INFO] 159259 网络获取 (1/3)

[2026-07-01 19:18:19] [INFO] 159667 网络获取成功

[2026-07-01 19:18:20] [INFO] 159996 网络获取 (1/3)

[2026-07-01 19:18:21] [INFO] 159259 网络获取成功

[2026-07-01 19:18:21] [INFO] 512200 网络获取成功

[2026-07-01 19:18:21] [INFO] 进度: 25/36

[2026-07-01 19:18:22] [INFO] 518880 网络获取 (1/3)

[2026-07-01 19:18:22] [INFO] 159698 网络获取 (1/3)

[2026-07-01 19:18:22] [INFO] 560280 网络获取成功

[2026-07-01 19:18:25] [INFO] 159825 网络获取成功

[2026-07-01 19:18:28] [INFO] 562950 网络获取成功

[2026-07-01 19:18:28] [INFO] 562500 网络获取成功

[2026-07-01 19:18:28] [INFO] 进度: 30/36

[2026-07-01 19:18:29] [INFO] 513050 网络获取成功

[2026-07-01 19:18:29] [INFO] 159698 网络获取成功

[2026-07-01 19:18:32] [INFO] 512980 网络获取成功

[2026-07-01 19:18:33] [INFO] 159996 网络获取成功

[2026-07-01 19:18:37] [INFO] 159930 网络获取成功

[2026-07-01 19:18:37] [INFO] 进度: 35/36

[2026-07-01 19:18:39] [INFO] 518880 网络获取成功

[2026-07-01 19:18:39] [INFO] 进度: 36/36

[2026-07-01 19:18:39] [INFO] ✅ 获取 36/36


[2026-07-01 19:18:39] [INFO] 🧮 计算风险调整 Alpha-RPS...

[2026-07-01 19:18:39] [INFO] 📌 RPS有效样本:36 | RPS>=85约等于池内前6名，仅代表相对强度分位，不等同于领涨龙头标签

[2026-07-01 19:18:39] [INFO] 🧠 多周期评分...


[2026-07-01 19:18:39] [INFO] ▶️ 华夏上证科创板半导体材料设备主题ETF (588170)

[2026-07-01 19:18:39] [INFO]    [月线] Score=  2.7 | Price=4.176 | MA5/10=2.862/2.228 | Hist=0.293

[2026-07-01 19:18:39] [INFO]    [周线] Score=  6.0 | Price=4.176 | MA5/20=3.199/2.221 | Hist=0.198 | Slope=14.10%

[2026-07-01 19:18:39] [INFO]    [日线] Score=  0.6 | Price=4.176 | BOLL=1.906~4.220 | %B=0.98 | Hist=0.116 | Vol=1.79x

[2026-07-01 19:18:39] [INFO]    └── 📊 风险RPS:100.0 | 原始: 13.9 | 展示: 13.9 | 止损距:7.0% → 波段多头 | 优先级:73.6(A) ⭐ → [📈 弱三周期共振, 🚀 主升浪]


[2026-07-01 19:18:40] [INFO] ▶️ 卫星ETF永赢 (159206)

[2026-07-01 19:18:40] [INFO]    [月线] Score=  1.5 | Price=1.776 | MA5/10=1.728/1.648 | Hist=0.045

[2026-07-01 19:18:40] [INFO]    [周线] Score=  0.5 | Price=1.776 | MA5/20=1.689/1.742 | Hist=-0.029 | Slope=-1.99%

[2026-07-01 19:18:40] [INFO]    [日线] Score=  3.2 | Price=1.776 | BOLL=1.556~1.748 | %B=1.15 | Hist=0.020 | Vol=1.86x

[2026-07-01 19:18:40] [INFO]    └── 📊 风险RPS: 82.9 | 原始:  6.1 | 展示:  6.1 | 止损距:7.7% → 偏多企稳 | 优先级:54.6(B) → [📈 弱三周期共振]


[2026-07-01 19:18:40] [INFO] ▶️ 华夏中证电网设备主题ETF (159326)

[2026-07-01 19:18:40] [INFO]    [月线] Score=  1.5 | Price=2.024 | MA5/10=1.991/1.795 | Hist=0.078

[2026-07-01 19:18:40] [INFO]    [周线] Score=  4.2 | Price=2.024 | MA5/20=2.061/1.987 | Hist=-0.014 | Slope=2.64%

[2026-07-01 19:18:40] [INFO]    [日线] Score= -1.4 | Price=2.024 | BOLL=1.942~2.250 | %B=0.27 | Hist=-0.012 | Vol=1.06x

[2026-07-01 19:18:40] [INFO]    └── 📊 风险RPS: 80.0 | 原始:  6.7 | 展示:  6.7 | 止损距:5.9% → 偏多企稳 | 优先级:51.2(B) → [⚠️ 周强日弱]


[2026-07-01 19:18:40] [INFO] ▶️ 华夏国证自由现金流ETF (159201)

[2026-07-01 19:18:40] [INFO]    [月线] Score= -0.3 | Price=1.081 | MA5/10=1.198/1.224 | Hist=-0.009

[2026-07-01 19:18:40] [INFO]    [周线] Score= -6.0 | Price=1.081 | MA5/20=1.128/1.266 | Hist=-0.033 | Slope=-2.56%

[2026-07-01 19:18:40] [INFO]    [日线] Score= -1.3 | Price=1.081 | BOLL=1.040~1.235 | %B=0.21 | Hist=-0.004 | Vol=0.84x

[2026-07-01 19:18:40] [INFO]    └── 📊 风险RPS:  8.6 | 原始:-11.3 | 展示:-11.3 | 止损距:2.6% → 波段空头 | 优先级:20.0(C)


[2026-07-01 19:18:40] [INFO] ▶️ 嘉实中证稀土产业ETF (516150)

[2026-07-01 19:18:40] [INFO]    [月线] Score=  1.0 | Price=2.046 | MA5/10=1.980/1.960 | Hist=0.032

[2026-07-01 19:18:40] [INFO]    [周线] Score=  0.0 | Price=2.046 | MA5/20=2.031/2.014 | Hist=-0.009 | Slope=0.30%

[2026-07-01 19:18:40] [INFO]    [日线] Score= -0.3 | Price=2.046 | BOLL=1.850~2.202 | %B=0.56 | Hist=-0.003 | Vol=0.59x

[2026-07-01 19:18:40] [INFO]    └── 📊 风险RPS: 74.3 | 原始:  1.0 | 展示:  1.0 | 止损距:0.1% → 多空震荡 | 优先级:30.1(C)


[2026-07-01 19:18:40] [INFO] ▶️ 嘉实中证稀有金属主题ETF (562800)

[2026-07-01 19:18:40] [INFO]    [月线] Score=  0.7 | Price=1.140 | MA5/10=1.100/1.042 | Hist=0.039

[2026-07-01 19:18:40] [INFO]    [周线] Score=  2.0 | Price=1.140 | MA5/20=1.111/1.092 | Hist=-0.008 | Slope=1.14%

[2026-07-01 19:18:40] [INFO]    [日线] Score=  0.4 | Price=1.140 | BOLL=0.984~1.241 | %B=0.61 | Hist=0.001 | Vol=0.82x

[2026-07-01 19:18:40] [INFO]    └── 📊 风险RPS: 77.1 | 原始:  4.7 | 展示:  4.7 | 止损距:0.9% → 偏多企稳 | 优先级:44.9(C) → [📈 弱三周期共振]


[2026-07-01 19:18:40] [INFO] ▶️ 嘉实中证软件服务ETF (159852)

[2026-07-01 19:18:40] [INFO]    [月线] Score= -5.0 | Price=0.706 | MA5/10=0.744/0.826 | Hist=-0.021

[2026-07-01 19:18:40] [INFO]    [周线] Score= -6.0 | Price=0.706 | MA5/20=0.699/0.793 | Hist=-0.013 | Slope=-4.57%

[2026-07-01 19:18:40] [INFO]    [日线] Score=  1.2 | Price=0.706 | BOLL=0.659~0.753 | %B=0.50 | Hist=0.002 | Vol=1.19x

[2026-07-01 19:18:40] [INFO]    └── 📊 风险RPS: 34.3 | 原始:-16.0 | 展示:-16.0 | 止损距:1.6% → 极弱波段空头 | 优先级:28.1(C) → [⚠️ 周弱日强, ❄️ 主跌崩盘]


[2026-07-01 19:18:40] [INFO] ▶️ 化工ETF (159870)

[2026-07-01 19:18:40] [INFO]    [月线] Score=  1.4 | Price=0.887 | MA5/10=0.877/0.857 | Hist=0.020

[2026-07-01 19:18:40] [INFO]    [周线] Score= -4.8 | Price=0.887 | MA5/20=0.849/0.890 | Hist=-0.011 | Slope=-0.86%

[2026-07-01 19:18:40] [INFO]    [日线] Score=  1.5 | Price=0.887 | BOLL=0.783~0.913 | %B=0.80 | Hist=0.005 | Vol=0.80x

[2026-07-01 19:18:40] [INFO]    └── 📊 风险RPS: 71.4 | 原始: -5.4 | 展示: -5.4 | 止损距:4.7% → 偏空走弱 | 优先级:51.4(B) → [⚠️ 周弱日强]


[2026-07-01 19:18:40] [INFO] ▶️ 华夏中证动漫游戏ETF (159869)

[2026-07-01 19:18:40] [INFO]    [月线] Score= -4.5 | Price=1.103 | MA5/10=1.180/1.328 | Hist=-0.044

[2026-07-01 19:18:40] [INFO]    [周线] Score= -6.0 | Price=1.103 | MA5/20=1.080/1.271 | Hist=-0.025 | Slope=-5.70%

[2026-07-01 19:18:40] [INFO]    [日线] Score=  1.7 | Price=1.103 | BOLL=1.033~1.133 | %B=0.70 | Hist=0.011 | Vol=1.89x

[2026-07-01 19:18:40] [INFO]    └── 📊 风险RPS: 25.7 | 原始:-14.3 | 展示:-14.3 | 止损距:2.5% → 极弱波段空头 | 优先级:27.5(C) → [⚠️ 周弱日强, ❄️ 主跌崩盘]


[2026-07-01 19:18:40] [INFO] ▶️ 易方达中证香港证券投资主题(港股通)ETF (513090)

[2026-07-01 19:18:40] [INFO]    [月线] Score= -1.5 | Price=1.834 | MA5/10=1.783/1.927 | Hist=-0.052

[2026-07-01 19:18:40] [INFO]    [周线] Score=  0.5 | Price=1.834 | MA5/20=1.775/1.819 | Hist=0.005 | Slope=-2.26%

[2026-07-01 19:18:40] [INFO]    [日线] Score=  0.7 | Price=1.834 | BOLL=1.693~1.883 | %B=0.74 | Hist=0.002 | Vol=1.24x

[2026-07-01 19:18:40] [INFO]    └── 📊 风险RPS: 65.7 | 原始: -0.5 | 展示: -0.5 | 止损距:3.9% → 多空震荡 | 优先级:52.4(B)


[2026-07-01 19:18:40] [INFO] ▶️ 国泰中证全指通信设备ETF (515880)

[2026-07-01 19:18:40] [INFO]    [月线] Score=  1.5 | Price=1.718 | MA5/10=1.498/1.250 | Hist=0.097

[2026-07-01 19:18:40] [INFO]    [周线] Score=  4.6 | Price=1.718 | MA5/20=1.709/1.367 | Hist=0.031 | Slope=8.50%

[2026-07-01 19:18:40] [INFO]    [日线] Score= -1.2 | Price=1.718 | BOLL=1.556~1.899 | %B=0.47 | Hist=-0.012 | Vol=1.31x

[2026-07-01 19:18:40] [INFO]    └── 📊 风险RPS: 88.6 | 原始:  7.5 | 展示:  7.5 | 止损距:2.0% → 波段多头 | 优先级:45.5(C) → [⚠️ 周强日破]


[2026-07-01 19:18:40] [INFO] ▶️ 富国中证智选船舶产业ETF (560710)

[2026-07-01 19:18:40] [INFO]    [月线] Score=  0.0 | Price=0.889 | MA5/10=0.960/N/A | Hist=-0.026

[2026-07-01 19:18:40] [INFO]    [周线] Score=  0.0 | Price=0.889 | MA5/20=0.913/1.012 | Hist=-0.020 | Slope=N/A%

[2026-07-01 19:18:40] [INFO]    [日线] Score= -0.6 | Price=0.889 | BOLL=0.849~0.992 | %B=0.28 | Hist=-0.002 | Vol=0.69x

[2026-07-01 19:18:40] [INFO]    └── 📊 风险RPS: 40.0 | 原始: -0.6 | 展示: -0.6 | 止损距:4.2% → 多空震荡 | 优先级:38.4(C)


[2026-07-01 19:18:40] [INFO] ▶️ 易方达国证新能源电池ETF (159566)

[2026-07-01 19:18:40] [INFO]    [月线] Score=  1.1 | Price=2.164 | MA5/10=2.248/2.188 | Hist=0.026

[2026-07-01 19:18:40] [INFO]    [周线] Score=  0.0 | Price=2.164 | MA5/20=2.193/2.262 | Hist=-0.032 | Slope=0.48%

[2026-07-01 19:18:40] [INFO]    [日线] Score= -1.6 | Price=2.164 | BOLL=2.077~2.376 | %B=0.29 | Hist=-0.001 | Vol=1.40x

[2026-07-01 19:18:40] [INFO]    └── 📊 风险RPS: 62.9 | 原始: -0.2 | 展示: -0.2 | 止损距:5.9% → 多空震荡 | 优先级:33.7(C)


[2026-07-01 19:18:40] [INFO] ▶️ 国泰中证煤炭ETF (515220)

[2026-07-01 19:18:40] [INFO]    [月线] Score=  1.7 | Price=1.096 | MA5/10=1.196/1.157 | Hist=0.005

[2026-07-01 19:18:40] [INFO]    [周线] Score= -0.5 | Price=1.096 | MA5/20=1.209/1.229 | Hist=-0.023 | Slope=-0.02%

[2026-07-01 19:18:40] [INFO]    [日线] Score= -1.6 | Price=1.096 | BOLL=0.990~1.477 | %B=0.22 | Hist=-0.019 | Vol=0.88x

[2026-07-01 19:18:40] [INFO]    └── 📊 风险RPS: 60.0 | 原始: -0.4 | 展示: -0.4 | 止损距:6.0% → 多空震荡 | 优先级:45.4(C) → [⚠️ 月强周弱]


[2026-07-01 19:18:40] [INFO] ▶️ 华泰柏瑞中证光伏产业ETF (515790)

[2026-07-01 19:18:40] [INFO]    [月线] Score=  1.7 | Price=1.024 | MA5/10=1.048/1.036 | Hist=0.031

[2026-07-01 19:18:40] [INFO]    [周线] Score= -6.0 | Price=1.024 | MA5/20=1.016/1.073 | Hist=-0.016 | Slope=-1.29%

[2026-07-01 19:18:40] [INFO]    [日线] Score=  2.2 | Price=1.024 | BOLL=0.974~1.065 | %B=0.55 | Hist=0.004 | Vol=0.93x

[2026-07-01 19:18:40] [INFO]    └── 📊 风险RPS: 68.6 | 原始: -6.8 | 展示: -6.8 | 止损距:0.8% → 偏空走弱 | 优先级:40.3(C) → [⚠️ 周弱日强, ⚠️ 月强周弱]


[2026-07-01 19:18:40] [INFO] ▶️ 广发中证全指电力ETF (159611)

[2026-07-01 19:18:40] [INFO]    [月线] Score=  1.7 | Price=1.048 | MA5/10=1.106/1.075 | Hist=0.004

[2026-07-01 19:18:40] [INFO]    [周线] Score= -0.5 | Price=1.048 | MA5/20=1.098/1.120 | Hist=-0.014 | Slope=0.30%

[2026-07-01 19:18:40] [INFO]    [日线] Score= -1.5 | Price=1.048 | BOLL=0.989~1.241 | %B=0.23 | Hist=-0.010 | Vol=0.96x

[2026-07-01 19:18:40] [INFO]    └── 📊 风险RPS: 45.7 | 原始: -0.3 | 展示: -0.3 | 止损距:2.0% → 多空震荡 | 优先级:33.6(C) → [⚠️ 月强周弱]


[2026-07-01 19:18:40] [INFO] ▶️ 国泰中证钢铁ETF (515210)

[2026-07-01 19:18:40] [INFO]    [月线] Score= -4.0 | Price=1.172 | MA5/10=1.294/1.397 | Hist=-0.027

[2026-07-01 19:18:40] [INFO]    [周线] Score= -6.0 | Price=1.172 | MA5/20=1.210/1.400 | Hist=-0.036 | Slope=-3.75%

[2026-07-01 19:18:40] [INFO]    [日线] Score= -1.0 | Price=1.172 | BOLL=1.133~1.299 | %B=0.24 | Hist=-0.001 | Vol=1.05x

[2026-07-01 19:18:40] [INFO]    └── 📊 风险RPS: 14.3 | 原始:-15.8 | 展示:-15.8 | 止损距:3.6% → 极弱波段空头 | 优先级:21.6(C) → [❄️ 主跌崩盘]


[2026-07-01 19:18:40] [INFO] ▶️ 华宝中证金融科技主题ETF (159851)

[2026-07-01 19:18:40] [INFO]    [月线] Score= -5.0 | Price=0.654 | MA5/10=0.675/0.763 | Hist=-0.033

[2026-07-01 19:18:40] [INFO]    [周线] Score= -6.0 | Price=0.654 | MA5/20=0.637/0.720 | Hist=-0.008 | Slope=-4.40%

[2026-07-01 19:18:40] [INFO]    [日线] Score=  0.5 | Price=0.654 | BOLL=0.599~0.688 | %B=0.62 | Hist=0.002 | Vol=1.70x

[2026-07-01 19:18:40] [INFO]    └── 📊 风险RPS: 48.6 | 原始:-16.5 | 展示:-16.5 | 止损距:2.7% → 极弱波段空头 | 优先级:30.7(C) → [⚠️ 周弱日强, ❄️ 主跌崩盘]


[2026-07-01 19:18:40] [INFO] ▶️ 酒ETF (512690)

[2026-07-01 19:18:40] [INFO]    [月线] Score= -5.0 | Price=0.398 | MA5/10=0.445/0.500 | Hist=-0.013

[2026-07-01 19:18:40] [INFO]    [周线] Score= -6.0 | Price=0.398 | MA5/20=0.410/0.470 | Hist=-0.007 | Slope=-4.39%

[2026-07-01 19:18:40] [INFO]    [日线] Score= -1.6 | Price=0.398 | BOLL=0.380~0.447 | %B=0.27 | Hist=-0.000 | Vol=1.14x

[2026-07-01 19:18:40] [INFO]    └── 📊 风险RPS:  2.9 | 原始:-17.7 | 展示:-17.7 | 止损距:3.5% → 极弱波段空头 | 优先级:27.7(C) → [❄️ 主跌崩盘]


[2026-07-01 19:18:40] [INFO] ▶️ 广发中证香港创新药(QDII-ETF) (513120)

[2026-07-01 19:18:40] [INFO]    [月线] Score= -3.8 | Price=1.104 | MA5/10=1.145/1.215 | Hist=-0.031

[2026-07-01 19:18:40] [INFO]    [周线] Score= -6.0 | Price=1.104 | MA5/20=1.029/1.168 | Hist=-0.016 | Slope=-3.11%

[2026-07-01 19:18:40] [INFO]    [日线] Score=  4.8 | Price=1.104 | BOLL=0.944~1.087 | %B=1.12 | Hist=0.018 | Vol=1.50x

[2026-07-01 19:18:40] [INFO]    └── 📊 风险RPS: 54.3 | 原始:-10.5 | 展示:-10.5 | 止损距:4.8% → 波段空头 | 优先级:46.4(C) → [⚠️ 周弱日强]


[2026-07-01 19:18:40] [INFO] ▶️ 富国中证旅游主题ETF (159766)

[2026-07-01 19:18:40] [INFO]    [月线] Score= -5.0 | Price=0.558 | MA5/10=0.612/0.692 | Hist=-0.014

[2026-07-01 19:18:40] [INFO]    [周线] Score= -6.0 | Price=0.558 | MA5/20=0.572/0.657 | Hist=-0.011 | Slope=-5.49%

[2026-07-01 19:18:40] [INFO]    [日线] Score= -1.5 | Price=0.558 | BOLL=0.541~0.605 | %B=0.26 | Hist=-0.000 | Vol=0.99x

[2026-07-01 19:18:40] [INFO]    └── 📊 风险RPS: 20.0 | 原始:-17.6 | 展示:-17.6 | 止损距:4.4% → 极弱波段空头 | 优先级:37.8(C) → [❄️ 主跌崩盘]


[2026-07-01 19:18:40] [INFO] ▶️ 国泰中证军工ETF (512660)

[2026-07-01 19:18:40] [INFO]    [月线] Score= -0.3 | Price=1.291 | MA5/10=1.312/1.330 | Hist=0.001

[2026-07-01 19:18:40] [INFO]    [周线] Score= -6.0 | Price=1.291 | MA5/20=1.268/1.361 | Hist=-0.020 | Slope=-2.29%

[2026-07-01 19:18:40] [INFO]    [日线] Score=  1.1 | Price=1.291 | BOLL=1.210~1.310 | %B=0.81 | Hist=0.007 | Vol=1.12x

[2026-07-01 19:18:40] [INFO]    └── 📊 风险RPS: 57.1 | 原始: -9.9 | 展示: -9.9 | 止损距:3.8% → 波段空头 | 优先级:36.1(C) → [⚠️ 周弱日强]


[2026-07-01 19:18:40] [INFO] ▶️ 华宝中证银行ETF (512800)

[2026-07-01 19:18:40] [INFO]    [月线] Score= -2.8 | Price=0.737 | MA5/10=0.769/0.786 | Hist=-0.016

[2026-07-01 19:18:40] [INFO]    [周线] Score= -4.8 | Price=0.737 | MA5/20=0.769/0.783 | Hist=-0.004 | Slope=-0.53%

[2026-07-01 19:18:40] [INFO]    [日线] Score= -3.7 | Price=0.737 | BOLL=0.729~0.823 | %B=0.08 | Hist=-0.006 | Vol=0.88x

[2026-07-01 19:18:40] [INFO]    └── 📊 风险RPS: 42.9 | 原始:-15.0 | 展示:-15.0 | 止损距:1.4% → 极弱波段空头 | 优先级:30.2(C) → [❄️ 主跌崩盘]


[2026-07-01 19:18:40] [INFO] ▶️ 国泰中证机床ETF (159667)

[2026-07-01 19:18:40] [INFO]    [月线] Score=  4.5 | Price=0.903 | MA5/10=0.767/0.658 | Hist=0.044

[2026-07-01 19:18:40] [INFO]    [周线] Score=  1.0 | Price=0.903 | MA5/20=0.855/0.713 | Hist=0.017 | Slope=7.03%

[2026-07-01 19:18:40] [INFO]    [日线] Score= -0.4 | Price=0.903 | BOLL=0.748~0.956 | %B=0.75 | Hist=0.000 | Vol=1.58x

[2026-07-01 19:18:40] [INFO]    └── 📊 风险RPS: 97.1 | 原始:  6.7 | 展示:  6.7 | 止损距:6.0% → 偏多企稳 | 优先级:41.0(C) → [⚠️ 月强周弱]


[2026-07-01 19:18:40] [INFO] ▶️ 易方达国证成长100ETF (159259)

[2026-07-01 19:18:40] [INFO]    [月线] Score=  2.7 | Price=1.731 | MA5/10=1.472/1.267 | Hist=0.078

[2026-07-01 19:18:40] [INFO]    [周线] Score=  4.6 | Price=1.731 | MA5/20=1.650/1.334 | Hist=0.046 | Slope=7.57%

[2026-07-01 19:18:40] [INFO]    [日线] Score=  0.0 | Price=1.731 | BOLL=1.395~1.907 | %B=0.66 | Hist=-0.002 | Vol=1.12x

[2026-07-01 19:18:40] [INFO]    └── 📊 风险RPS: 91.4 | 原始: 10.9 | 展示: 10.9 | 止损距:4.4% → 波段多头 | 优先级:64.8(B)


[2026-07-01 19:18:40] [INFO] ▶️ 南方中证全指房地产ETF (512200)

[2026-07-01 19:18:40] [INFO]    [月线] Score= -5.0 | Price=1.214 | MA5/10=1.310/1.428 | Hist=-0.018

[2026-07-01 19:18:40] [INFO]    [周线] Score= -6.0 | Price=1.214 | MA5/20=1.244/1.377 | Hist=-0.020 | Slope=-3.61%

[2026-07-01 19:18:40] [INFO]    [日线] Score= -0.6 | Price=1.214 | BOLL=1.169~1.327 | %B=0.29 | Hist=-0.001 | Vol=0.98x

[2026-07-01 19:18:40] [INFO]    └── 📊 风险RPS:  0.0 | 原始:-16.7 | 展示:-16.7 | 止损距:4.6% → 极弱波段空头 | 优先级:27.0(C) → [❄️ 主跌崩盘]


[2026-07-01 19:18:40] [INFO] ▶️ 广发中证工程机械ETF (560280)

[2026-07-01 19:18:40] [INFO]    [月线] Score= -0.3 | Price=1.524 | MA5/10=1.622/1.634 | Hist=-0.008

[2026-07-01 19:18:40] [INFO]    [周线] Score= -6.0 | Price=1.524 | MA5/20=1.600/1.696 | Hist=-0.031 | Slope=-1.49%

[2026-07-01 19:18:40] [INFO]    [日线] Score= -1.3 | Price=1.524 | BOLL=1.497~1.737 | %B=0.11 | Hist=-0.011 | Vol=0.95x

[2026-07-01 19:18:40] [INFO]    └── 📊 风险RPS: 31.4 | 原始:-11.3 | 展示:-11.3 | 止损距:0.4% → 波段空头 | 优先级:19.4(C)


[2026-07-01 19:18:40] [INFO] ▶️ 富国中证农业主题ETF (159825)

[2026-07-01 19:18:40] [INFO]    [月线] Score= -3.8 | Price=0.688 | MA5/10=0.749/0.795 | Hist=-0.009

[2026-07-01 19:18:40] [INFO]    [周线] Score= -6.0 | Price=0.688 | MA5/20=0.684/0.796 | Hist=-0.019 | Slope=-3.33%

[2026-07-01 19:18:40] [INFO]    [日线] Score=  2.6 | Price=0.688 | BOLL=0.645~0.723 | %B=0.55 | Hist=0.003 | Vol=1.83x

[2026-07-01 19:18:40] [INFO]    └── 📊 风险RPS: 28.6 | 原始:-12.6 | 展示:-12.6 | 止损距:1.0% → 波段空头 | 优先级:32.1(C) → [⚠️ 周弱日强, ❄️ 主跌崩盘]


[2026-07-01 19:18:40] [INFO] ▶️ 易方达中证消费电子主题ETF (562950)

[2026-07-01 19:18:40] [INFO]    [月线] Score=  4.5 | Price=2.092 | MA5/10=1.728/1.498 | Hist=0.101

[2026-07-01 19:18:40] [INFO]    [周线] Score=  1.0 | Price=2.092 | MA5/20=1.916/1.520 | Hist=0.060 | Slope=7.91%

[2026-07-01 19:18:40] [INFO]    [日线] Score=  1.0 | Price=2.092 | BOLL=1.594~2.209 | %B=0.81 | Hist=0.015 | Vol=0.97x

[2026-07-01 19:18:40] [INFO]    └── 📊 风险RPS: 94.3 | 原始:  8.7 | 展示:  8.7 | 止损距:7.0% → 波段多头 | 优先级:60.4(B) → [📈 三周期共振, ⚠️ 月强周弱]


[2026-07-01 19:18:40] [INFO] ▶️ 华夏中证机器人ETF (562500)

[2026-07-01 19:18:40] [INFO]    [月线] Score=  4.4 | Price=1.152 | MA5/10=1.074/1.052 | Hist=0.016

[2026-07-01 19:18:40] [INFO]    [周线] Score=  4.2 | Price=1.152 | MA5/20=1.134/1.064 | Hist=0.006 | Slope=0.82%

[2026-07-01 19:18:40] [INFO]    [日线] Score=  0.1 | Price=1.152 | BOLL=1.081~1.191 | %B=0.65 | Hist=-0.002 | Vol=1.03x

[2026-07-01 19:18:40] [INFO]    └── 📊 风险RPS: 85.7 | 原始: 12.6 | 展示: 12.6 | 止损距:3.3% → 波段多头 | 优先级:74.4(A) ⭐ → [📈 弱三周期共振, 🚀 主升浪]


[2026-07-01 19:18:40] [INFO] ▶️ 易方达中证海外中国互联网50(QDII-ETF) (513050)

[2026-07-01 19:18:40] [INFO]    [月线] Score= -5.0 | Price=0.984 | MA5/10=1.084/1.289 | Hist=-0.067

[2026-07-01 19:18:40] [INFO]    [周线] Score= -6.0 | Price=0.984 | MA5/20=1.033/1.177 | Hist=-0.017 | Slope=-5.95%

[2026-07-01 19:18:40] [INFO]    [日线] Score= -1.2 | Price=0.984 | BOLL=0.924~1.175 | %B=0.24 | Hist=-0.004 | Vol=0.40x

[2026-07-01 19:18:40] [INFO]    └── 📊 风险RPS:  5.7 | 原始:-17.3 | 展示:-17.3 | 止损距:5.2% → 极弱波段空头 | 优先级:28.7(C) → [❄️ 主跌崩盘]


[2026-07-01 19:18:40] [INFO] ▶️ 粮食ETF (159698)

[2026-07-01 19:18:40] [INFO]    [月线] Score= -3.8 | Price=0.848 | MA5/10=0.955/1.013 | Hist=-0.017

[2026-07-01 19:18:40] [INFO]    [周线] Score= -6.0 | Price=0.848 | MA5/20=0.881/1.028 | Hist=-0.029 | Slope=-3.70%

[2026-07-01 19:18:40] [INFO]    [日线] Score= -1.1 | Price=0.848 | BOLL=0.823~0.953 | %B=0.20 | Hist=-0.001 | Vol=1.02x

[2026-07-01 19:18:40] [INFO]    └── 📊 风险RPS: 11.4 | 原始:-15.6 | 展示:-15.6 | 止损距:3.9% → 极弱波段空头 | 优先级:32.3(C) → [❄️ 主跌崩盘]


[2026-07-01 19:18:40] [INFO] ▶️ 广发中证传媒ETF (512980)

[2026-07-01 19:18:40] [INFO]    [月线] Score= -4.2 | Price=0.824 | MA5/10=0.903/0.988 | Hist=-0.024

[2026-07-01 19:18:40] [INFO]    [周线] Score= -6.0 | Price=0.824 | MA5/20=0.831/0.975 | Hist=-0.025 | Slope=-5.57%

[2026-07-01 19:18:40] [INFO]    [日线] Score=  0.2 | Price=0.824 | BOLL=0.789~0.887 | %B=0.35 | Hist=0.003 | Vol=1.24x

[2026-07-01 19:18:40] [INFO]    └── 📊 风险RPS: 22.9 | 原始:-15.7 | 展示:-15.7 | 止损距:5.7% → 极弱波段空头 | 优先级:31.6(C) → [⚠️ 周弱日强, ❄️ 主跌崩盘]


[2026-07-01 19:18:40] [INFO] ▶️ 国泰中证全指家用电器ETF (159996)

[2026-07-01 19:18:40] [INFO]    [月线] Score= -0.3 | Price=1.455 | MA5/10=1.466/1.508 | Hist=-0.014

[2026-07-01 19:18:40] [INFO]    [周线] Score= -6.0 | Price=1.455 | MA5/20=1.456/1.491 | Hist=-0.009 | Slope=-1.49%

[2026-07-01 19:18:40] [INFO]    [日线] Score=  1.0 | Price=1.455 | BOLL=1.422~1.501 | %B=0.42 | Hist=-0.000 | Vol=0.73x

[2026-07-01 19:18:40] [INFO]    └── 📊 风险RPS: 37.1 | 原始: -9.5 | 展示: -9.5 | 止损距:0.0% → 波段空头 | 优先级:36.3(C) → [⚠️ 周弱日强]


[2026-07-01 19:18:40] [INFO] ▶️ 汇添富中证能源ETF (159930)

[2026-07-01 19:18:40] [INFO]    [月线] Score=  1.2 | Price=1.491 | MA5/10=1.639/1.583 | Hist=0.004

[2026-07-01 19:18:40] [INFO]    [周线] Score= -4.8 | Price=1.491 | MA5/20=1.614/1.700 | Hist=-0.039 | Slope=-0.40%

[2026-07-01 19:18:40] [INFO]    [日线] Score= -1.3 | Price=1.491 | BOLL=1.407~1.868 | %B=0.18 | Hist=-0.018 | Vol=0.90x

[2026-07-01 19:18:40] [INFO]    └── 📊 风险RPS: 51.4 | 原始: -7.4 | 展示: -7.4 | 止损距:6.0% → 波段空头 | 优先级:40.1(C)


[2026-07-01 19:18:40] [INFO] ▶️ 华安黄金ETF (518880)

[2026-07-01 19:18:40] [INFO]    [月线] Score= -3.6 | Price=8.271 | MA5/10=9.085/9.453 | Hist=-0.143

[2026-07-01 19:18:40] [INFO]    [周线] Score= -6.0 | Price=8.271 | MA5/20=8.696/9.684 | Hist=-0.239 | Slope=-3.21%

[2026-07-01 19:18:40] [INFO]    [日线] Score= -1.5 | Price=8.271 | BOLL=8.093~9.404 | %B=0.14 | Hist=-0.023 | Vol=0.77x

[2026-07-01 19:18:40] [INFO]    └── 📊 风险RPS: 17.1 | 原始:-15.8 | 展示:-15.8 | 止损距:1.1% → 极弱波段空头 | 优先级:15.8(C) → [❄️ 主跌崩盘]


[2026-07-01 19:18:40] [INFO] 
🎉 看板: /home/runner/work/ETF/ETF/index.html

[2026-07-01 19:18:40] [INFO] 📊 信号已输出: etf_signals_latest.json（按复合优先分排序）

[2026-07-01 19:18:40] [INFO] 🔔 === 信号变化 (6项) ===

[2026-07-01 19:18:40] [INFO]   ⚡ 嘉实中证稀土产业ETF(516150) 评分大幅变化 | +8.7 → +1.0

[2026-07-01 19:18:40] [INFO]   ⚡ 易方达中证香港证券投资主题(港股通)ETF(513090) 评分大幅变化 | -8.3 → -0.5

[2026-07-01 19:18:40] [INFO]   ⚡ 国泰中证全指通信设备ETF(515880) 评分大幅变化 | +13.5 → +7.5

[2026-07-01 19:18:40] [INFO]   ⚡ 易方达国证新能源电池ETF(159566) 评分大幅变化 | +10.3 → -0.2

[2026-07-01 19:18:40] [INFO]   ⚡ 国泰中证机床ETF(159667) 评分大幅变化 | +15.3 → +6.7

[2026-07-01 19:18:40] [INFO]   ⚡ 广发中证工程机械ETF(560280) 评分大幅变化 | -6.0 → -11.3

[2026-07-01 19:18:40] [INFO] 

[2026-07-01 19:18:40] [INFO] ✅ 信号合约校验通过

[2026-07-01 19:18:40] [INFO] 📊 环境: market_env_latest.json

[2026-07-01 19:18:40] [INFO] 📊 市场宽度: 多头9 空头21 中性6 | 多空比0.43 → 偏空

[2026-07-01 19:18:40] [INFO] 🎉 完成! 36个ETF


[2026-07-01 19:18:40] [INFO] 📊 === 雷达优先 TOP10 ===

[2026-07-01 19:18:40] [INFO]    1. 华夏中证机器人ETF       562500 | 优先 74.4(A) | 总分 +12.6 | RPS   86 | 波段多头 | ▲+0.9

[2026-07-01 19:18:40] [INFO]    2. 华夏上证科创板半导体材料设备主题ETF 588170 | 优先 73.6(A) | 总分 +13.9 | RPS  100 | 波段多头 | ▼-2.2

[2026-07-01 19:18:40] [INFO]    3. 易方达国证成长100ETF    159259 | 优先 64.8(B) | 总分 +10.9 | RPS   91 | 波段多头 | ▼-1.1

[2026-07-01 19:18:40] [INFO]    4. 易方达中证消费电子主题ETF   562950 | 优先 60.4(B) | 总分  +8.7 | RPS   94 | 波段多头 | ▼-4.9

[2026-07-01 19:18:40] [INFO]    5. 卫星ETF永赢          159206 | 优先 54.6(B) | 总分  +6.1 | RPS   83 | 偏多企稳 | ▼-1.6

[2026-07-01 19:18:40] [INFO]    6. 易方达中证香港证券投资主题(港股通)ETF 513090 | 优先 52.4(B) | 总分  -0.5 | RPS   66 | 多空震荡 | ▲+7.8

[2026-07-01 19:18:40] [INFO]    7. 化工ETF            159870 | 优先 51.4(B) | 总分  -5.4 | RPS   71 | 偏空走弱 | ▲+2.9

[2026-07-01 19:18:40] [INFO]    8. 华夏中证电网设备主题ETF    159326 | 优先 51.2(B) | 总分  +6.7 | RPS   80 | 偏多企稳 | ▼-2.0

[2026-07-01 19:18:40] [INFO]    9. 广发中证香港创新药(QDII-ETF) 513120 | 优先 46.4(C) | 总分 -10.5 | RPS   54 | 波段空头 | ▲+2.6

[2026-07-01 19:18:40] [INFO]   10. 国泰中证全指通信设备ETF    515880 | 优先 45.5(C) | 总分  +7.5 | RPS   89 | 波段多头 | ▼-6.0

[2026-07-01 19:18:40] [INFO] 
📊 === 空头 BOTTOM5 ===

[2026-07-01 19:18:40] [INFO]      酒ETF             512690 | 总分 -17.7 | RPS    3 | 极弱波段空头 | →+0.0

[2026-07-01 19:18:40] [INFO]      富国中证旅游主题ETF      159766 | 总分 -17.6 | RPS   20 | 极弱波段空头 | ▲+2.6

[2026-07-01 19:18:40] [INFO]      易方达中证海外中国互联网50(QDII-ETF) 513050 | 总分 -17.3 | RPS    6 | 极弱波段空头 | ▲+0.1

[2026-07-01 19:18:40] [INFO]      南方中证全指房地产ETF     512200 | 总分 -16.7 | RPS    0 | 极弱波段空头 | →+0.0

[2026-07-01 19:18:40] [INFO]      华宝中证金融科技主题ETF    159851 | 总分 -16.5 | RPS   49 | 极弱波段空头 | ▼-2.3

[2026-07-01 19:18:40] [INFO] 
⏱️ 耗时: 大盘20.1s | 数据60.8s | 评分0.7s | 输出0.0s | 总计81.6s

